go : internal\snapsh
ot\ignore.go:9:2: 
missing go.sum 
entry for module 
providing package gi
thub.com/bmatcuk/dou
blestar/v4 
(imported by github.
com/itsakash-real/re
winddb/internal/snap
shot); to add:
At line:1 char:1
+ go build github.co
m/itsakash-real/rewi
nddb/internal/snapsh
ot 2> C:\Us ...
+ ~~~~~~~~~~~~~~~~~~
~~~~~~~~~~~~~~~~~~~~
~~~~~~~~~~~~~~~~~~~~
~~~~~~~~~~~
    + CategoryInfo  
            : NotS  
  pecified: (inte   
 rnal\snapsh...p    
shot); to add::    
String) [], Rem    
oteException
    + FullyQualifie 
   dErrorId : Nati  
  veCommandError
 
	go get github.com/i
tsakash-real/rewindd
b/internal/snapshot
internal\snapshot\sc
anner.go:17:2: 
missing go.sum 
entry for module 
providing package go
lang.org/x/sync/errg
roup (imported by gi
thub.com/itsakash-re
al/rewinddb/internal
/snapshot); to add:
	go get github.com/i
tsakash-real/rewindd
b/internal/snapshot
internal\snapshot\ca
che.go:8:2: missing 
go.sum entry for 
module providing 
package golang.org/x
/sync/singleflight 
(imported by github.
com/itsakash-real/re
winddb/internal/snap
shot); to add:
	go get github.com/i
tsakash-real/rewindd
b/internal/snapshot
